// Jest Snapshot v1, https://goo.gl/fbAQLP

exports[`<Limit Order /> Component matches the snapshot 1`] = `
Array [
  <div
    className="sc-bdVaJa esOmFL"
  >
    <label
      className="sc-htpNat jremZg"
    >
      Limit Price
    </label>
    <input
      className="sc-bwzfXH sc-bxivhb idZoeo"
      name="limitPrice"
      onChange={[Function]}
      placeholder="$0.00"
      step=".01"
      type="number"
    />
  </div>,
  <div
    className="sc-bdVaJa esOmFL"
  >
    <label
      className="sc-htpNat jremZg"
    >
      Shares
    </label>
    <input
      className="sc-bwzfXH sc-bxivhb idZoeo"
      name="shares"
      onChange={[Function]}
      placeholder="0"
      type="number"
    />
  </div>,
  <div
    className="sc-bdVaJa esOmFL"
  >
    <label
      className="sc-htpNat jremZg"
    >
      Expires
    </label>
    <div
      className="sc-bZQynM lkStuE"
      onClick={[Function]}
    >
      <div
        className="sc-gzVnrw hKpdPs"
      >
        Good for Day
      </div>
      <img
        className="sc-kgoBCf hLGQSG"
        src="./arrows.png"
      />
    </div>
  </div>,
]
`;
